// Jest Snapshot v1, https://goo.gl/fbAQLP

exports[`AddEmployeeForm renders correctly 1`] = `ShallowWrapper {}`;
